------------------------------------------------------------
TimeQuest Timing Analyzer Summary
------------------------------------------------------------

Type  : Slow 1200mV 85C Model Setup '\sintesis:PLL|altpll_component|auto_generated|pll1|clk[0]'
Slack : 1.000
TNS   : 0.000

Type  : Slow 1200mV 85C Model Hold '\sintesis:PLL|altpll_component|auto_generated|pll1|clk[0]'
Slack : 0.216
TNS   : 0.000

Type  : Slow 1200mV 85C Model Minimum Pulse Width '\sintesis:PLL|altpll_component|auto_generated|pll1|clk[0]'
Slack : 4.665
TNS   : 0.000

Type  : Slow 1200mV 85C Model Minimum Pulse Width 'clk'
Slack : 9.803
TNS   : 0.000

Type  : Slow 1200mV 0C Model Setup '\sintesis:PLL|altpll_component|auto_generated|pll1|clk[0]'
Slack : 1.856
TNS   : 0.000

Type  : Slow 1200mV 0C Model Hold '\sintesis:PLL|altpll_component|auto_generated|pll1|clk[0]'
Slack : 0.216
TNS   : 0.000

Type  : Slow 1200mV 0C Model Minimum Pulse Width '\sintesis:PLL|altpll_component|auto_generated|pll1|clk[0]'
Slack : 4.678
TNS   : 0.000

Type  : Slow 1200mV 0C Model Minimum Pulse Width 'clk'
Slack : 9.853
TNS   : 0.000

Type  : Fast 1200mV 0C Model Setup '\sintesis:PLL|altpll_component|auto_generated|pll1|clk[0]'
Slack : 5.635
TNS   : 0.000

Type  : Fast 1200mV 0C Model Hold '\sintesis:PLL|altpll_component|auto_generated|pll1|clk[0]'
Slack : 0.100
TNS   : 0.000

Type  : Fast 1200mV 0C Model Minimum Pulse Width '\sintesis:PLL|altpll_component|auto_generated|pll1|clk[0]'
Slack : 4.720
TNS   : 0.000

Type  : Fast 1200mV 0C Model Minimum Pulse Width 'clk'
Slack : 9.665
TNS   : 0.000

------------------------------------------------------------
